// Jest Snapshot v1, https://goo.gl/fbAQLP

exports[`Check App component component renders and behave correctly 1`] = `
<DocumentFragment>
  <div
    class="ui basic placeholder segment gag"
    data-testid="connect-error-gag"
  >
    <div
      class="ui icon header"
    >
      <i
        aria-hidden="true"
        class="frown outline icon"
      />
      Ð¡onnection failed.
    </div>
    <button
      class="ui negative button"
      data-testid="reconnect-button"
    >
      Reconnect
    </button>
  </div>
</DocumentFragment>
`;
