// Jest Snapshot v1, https://goo.gl/fbAQLP

exports[`Check InfoBar component component renders correctly 1`] = `
<DocumentFragment>
  <div
    class="ui segment ui left sidebar infoBar"
    data-testid="info-bar"
  >
    <div
      class="ui container"
    >
      <div
        class="ui stackable grid"
      >
        <div
          class="three wide column"
        />
        <div
          class="five wide column"
        >
          <h4
            class="ui header"
          >
            Contacts
          </h4>
          <div
            class="ui list"
            role="list"
          >
            <div
              class="item"
              role="listitem"
            >
              <i
                aria-hidden="true"
                class="user icon"
              />
              <div
                class="content"
              >
                Kirill Kopitsa
              </div>
            </div>
            <div
              class="item"
              role="listitem"
            >
              <i
                aria-hidden="true"
                class="marker icon"
              />
              <div
                class="content"
              >
                Dnipro, Ukraine
              </div>
            </div>
            <div
              class="item"
              role="listitem"
            >
              <i
                aria-hidden="true"
                class="mail icon"
              />
              <div
                class="content"
              >
                <a
                  href="mailto:joseff.knecht@gmail.com"
                >
                  joseff.knecht@gmail.com
                </a>
              </div>
            </div>
            <div
              class="item"
              role="listitem"
            >
              <i
                aria-hidden="true"
                class="github icon"
              />
              <div
                class="content"
              >
                <a
                  href="https://github.com/joseffone"
                >
                  github.com/joseffone
                </a>
              </div>
            </div>
          </div>
        </div>
        <div
          class="five wide column"
        >
          <h4
            class="ui header"
          >
            About project
          </h4>
          <p>
            This site is a solution of the test task from InCode Group.
          </p>
        </div>
        <div
          class="three wide column"
        />
      </div>
    </div>
  </div>
</DocumentFragment>
`;
