// Jest Snapshot v1, https://goo.gl/fbAQLP

exports[`Check QuotesGrid component component renders correctly 1`] = `
<DocumentFragment>
  <table
    class="ui celled fixed selectable table quotesGrid"
    data-testid="quotes-grid"
  >
    <tbody
      class=""
    >
      <tr
        class="negative"
        data-testid="quote-row"
      >
        <td
          class=""
          data-testid="quote-cell"
        >
          NASDAQ
        </td>
        <td
          class=""
          data-testid="quote-cell"
        >
          AAPL
        </td>
        <td
          class=""
          data-testid="quote-cell"
        >
          <i
            aria-hidden="true"
            class="arrow alternate circle down icon"
            data-testid="quote-cell-icon-down"
          />
          213.41
        </td>
        <td
          class=""
          data-testid="quote-cell"
        >
          -38.72
        </td>
        <td
          class=""
          data-testid="quote-cell"
        >
          -0.18
        </td>
        <td
          class=""
          data-testid="quote-cell"
        >
          0.56
        </td>
        <td
          class=""
          data-testid="quote-cell"
        >
          0.55
        </td>
        <td
          class=""
          data-testid="quote-cell"
        >
          15-02-20 23:40:17
        </td>
      </tr>
      <tr
        class="positive"
        data-testid="quote-row"
      >
        <td
          class=""
          data-testid="quote-cell"
        >
          NASDAQ
        </td>
        <td
          class=""
          data-testid="quote-cell"
        >
          GOOGL
        </td>
        <td
          class=""
          data-testid="quote-cell"
        >
          <i
            aria-hidden="true"
            class="arrow alternate circle up icon"
            data-testid="quote-cell-icon-up"
          />
          253.86
        </td>
        <td
          class=""
          data-testid="quote-cell"
        >
          5.59
        </td>
        <td
          class=""
          data-testid="quote-cell"
        >
          0.02
        </td>
        <td
          class=""
          data-testid="quote-cell"
        >
          0.82
        </td>
        <td
          class=""
          data-testid="quote-cell"
        >
          1.08
        </td>
        <td
          class=""
          data-testid="quote-cell"
        >
          15-02-20 23:48:18
        </td>
      </tr>
      <tr
        class="positive"
        data-testid="quote-row"
      >
        <td
          class=""
          data-testid="quote-cell"
        >
          NASDAQ
        </td>
        <td
          class=""
          data-testid="quote-cell"
        >
          AMZN
        </td>
        <td
          class=""
          data-testid="quote-cell"
        >
          <i
            aria-hidden="true"
            class="arrow alternate circle up icon"
            data-testid="quote-cell-icon-up"
          />
          244.82
        </td>
        <td
          class=""
          data-testid="quote-cell"
        >
          21.81
        </td>
        <td
          class=""
          data-testid="quote-cell"
        >
          0.09
        </td>
        <td
          class=""
          data-testid="quote-cell"
        >
          0.82
        </td>
        <td
          class=""
          data-testid="quote-cell"
        >
          1.30
        </td>
        <td
          class=""
          data-testid="quote-cell"
        >
          15-02-20 23:42:18
        </td>
      </tr>
      <tr
        class="positive"
        data-testid="quote-row"
      >
        <td
          class=""
          data-testid="quote-cell"
        >
          NASDAQ
        </td>
        <td
          class=""
          data-testid="quote-cell"
        >
          ADBE
        </td>
        <td
          class=""
          data-testid="quote-cell"
        >
          <i
            aria-hidden="true"
            class="arrow alternate circle up icon"
            data-testid="quote-cell-icon-up"
          />
          275.75
        </td>
        <td
          class=""
          data-testid="quote-cell"
        >
          11.16
        </td>
        <td
          class=""
          data-testid="quote-cell"
        >
          0.04
        </td>
        <td
          class=""
          data-testid="quote-cell"
        >
          0.58
        </td>
        <td
          class=""
          data-testid="quote-cell"
        >
          1.02
        </td>
        <td
          class=""
          data-testid="quote-cell"
        >
          15-02-20 23:45:18
        </td>
      </tr>
      <tr
        class="negative"
        data-testid="quote-row"
      >
        <td
          class=""
          data-testid="quote-cell"
        >
          NASDAQ
        </td>
        <td
          class=""
          data-testid="quote-cell"
        >
          CSCO
        </td>
        <td
          class=""
          data-testid="quote-cell"
        >
          <i
            aria-hidden="true"
            class="arrow alternate circle down icon"
            data-testid="quote-cell-icon-down"
          />
          225.81
        </td>
        <td
          class=""
          data-testid="quote-cell"
        >
          -12.73
        </td>
        <td
          class=""
          data-testid="quote-cell"
        >
          -0.06
        </td>
        <td
          class=""
          data-testid="quote-cell"
        >
          0.46
        </td>
        <td
          class=""
          data-testid="quote-cell"
        >
          1.12
        </td>
        <td
          class=""
          data-testid="quote-cell"
        >
          15-02-20 23:44:18
        </td>
      </tr>
      <tr
        class="positive"
        data-testid="quote-row"
      >
        <td
          class=""
          data-testid="quote-cell"
        >
          NASDAQ
        </td>
        <td
          class=""
          data-testid="quote-cell"
        >
          DISCK
        </td>
        <td
          class=""
          data-testid="quote-cell"
        >
          <i
            aria-hidden="true"
            class="arrow alternate circle up icon"
            data-testid="quote-cell-icon-up"
          />
          257.54
        </td>
        <td
          class=""
          data-testid="quote-cell"
        >
          4.77
        </td>
        <td
          class=""
          data-testid="quote-cell"
        >
          0.02
        </td>
        <td
          class=""
          data-testid="quote-cell"
        >
          0.82
        </td>
        <td
          class=""
          data-testid="quote-cell"
        >
          1.31
        </td>
        <td
          class=""
          data-testid="quote-cell"
        >
          15-02-20 23:50:18
        </td>
      </tr>
      <tr
        class="negative"
        data-testid="quote-row"
      >
        <td
          class=""
          data-testid="quote-cell"
        >
          NASDAQ
        </td>
        <td
          class=""
          data-testid="quote-cell"
        >
          EBAY
        </td>
        <td
          class=""
          data-testid="quote-cell"
        >
          <i
            aria-hidden="true"
            class="arrow alternate circle down icon"
            data-testid="quote-cell-icon-down"
          />
          210.04
        </td>
        <td
          class=""
          data-testid="quote-cell"
        >
          -29.38
        </td>
        <td
          class=""
          data-testid="quote-cell"
        >
          -0.14
        </td>
        <td
          class=""
          data-testid="quote-cell"
        >
          0.24
        </td>
        <td
          class=""
          data-testid="quote-cell"
        >
          0.00
        </td>
        <td
          class=""
          data-testid="quote-cell"
        >
          15-02-20 23:46:18
        </td>
      </tr>
      <tr
        class="negative"
        data-testid="quote-row"
      >
        <td
          class=""
          data-testid="quote-cell"
        >
          NASDAQ
        </td>
        <td
          class=""
          data-testid="quote-cell"
        >
          NFLX
        </td>
        <td
          class=""
          data-testid="quote-cell"
        >
          <i
            aria-hidden="true"
            class="arrow alternate circle down icon"
            data-testid="quote-cell-icon-down"
          />
          230.34
        </td>
        <td
          class=""
          data-testid="quote-cell"
        >
          -13.58
        </td>
        <td
          class=""
          data-testid="quote-cell"
        >
          -0.06
        </td>
        <td
          class=""
          data-testid="quote-cell"
        >
          0.21
        </td>
        <td
          class=""
          data-testid="quote-cell"
        >
          0.54
        </td>
        <td
          class=""
          data-testid="quote-cell"
        >
          15-02-20 23:47:18
        </td>
      </tr>
      <tr
        class="positive"
        data-testid="quote-row"
      >
        <td
          class=""
          data-testid="quote-cell"
        >
          NASDAQ
        </td>
        <td
          class=""
          data-testid="quote-cell"
        >
          MSFT
        </td>
        <td
          class=""
          data-testid="quote-cell"
        >
          <i
            aria-hidden="true"
            class="arrow alternate circle up icon"
            data-testid="quote-cell-icon-up"
          />
          246.52
        </td>
        <td
          class=""
          data-testid="quote-cell"
        >
          32.02
        </td>
        <td
          class=""
          data-testid="quote-cell"
        >
          -0.13
        </td>
        <td
          class=""
          data-testid="quote-cell"
        >
          0.75
        </td>
        <td
          class=""
          data-testid="quote-cell"
        >
          1.05
        </td>
        <td
          class=""
          data-testid="quote-cell"
        >
          15-02-20 23:49:18
        </td>
      </tr>
      <tr
        class="negative"
        data-testid="quote-row"
      >
        <td
          class=""
          data-testid="quote-cell"
        >
          NASDAQ
        </td>
        <td
          class=""
          data-testid="quote-cell"
        >
          TSLA
        </td>
        <td
          class=""
          data-testid="quote-cell"
        >
          <i
            aria-hidden="true"
            class="arrow alternate circle down icon"
            data-testid="quote-cell-icon-down"
          />
          204.50
        </td>
        <td
          class=""
          data-testid="quote-cell"
        >
          -45.42
        </td>
        <td
          class=""
          data-testid="quote-cell"
        >
          -0.22
        </td>
        <td
          class=""
          data-testid="quote-cell"
        >
          0.63
        </td>
        <td
          class=""
          data-testid="quote-cell"
        >
          1.11
        </td>
        <td
          class=""
          data-testid="quote-cell"
        >
          15-02-20 23:41:18
        </td>
      </tr>
    </tbody>
  </table>
</DocumentFragment>
`;
