// Jest Snapshot v1, https://goo.gl/fbAQLP

exports[`Ticker test should renders properly 1`] = `
<tr>
  <th
    scope="row"
  >
    0
  </th>
  <td>
    AAPL
  </td>
  <td>
    NASDAQ
  </td>
  <td
    className="price arrow-up"
  >
    116.6
  </td>
  <td>
    -0.46
  </td>
  <td>
    -0.39
  </td>
  <td>
    Invalid date
     
  </td>
  <td>
    0.57
  </td>
  <td>
    1.96
  </td>
</tr>
`;
